JWlink Version 1.9beta 13
Portions Copyright (c) 1985-2002 Sybase, Inc. All Rights Reserved.
Created on:       15/12/10 10:03:12
Executable Image: mbr.bin
creating a RAW Binary Image executable


                        +------------+
                        |   Groups   |
                        +------------+

Group                           Address              Size
=====                           =======              ====

DGROUP                          00000000             00007e00



                        +--------------+
                        |   Segments   |
                        +--------------+

Segment                Class          Group          Address         Size
=======                =====          =====          =======         ====

_TEXT                  CODE           DGROUP         00000000        00007e00
_DATA                  DATA           DGROUP         00007e00        00000000


                        +----------------+
                        |   Memory Map   |
                        +----------------+

* = unreferenced symbol
+ = symbol only referenced locally

Address        Symbol
=======        ======

Module: mbr.obj(mbr.asm)
00007cbd*      main
00007cf2*      print_string
Warning! W1014: stack segment not found
Warning! W1023: no starting address found, using 00000000


                        +-----------------------+
                        |   Linker Statistics   |
                        +-----------------------+

Stack size:  1000 (4096.)
Memory size:  7e00 (32256.)
Entry point address: 00000000
Link time: 00:00.31
