JWlink Version 1.9beta 13
Portions Copyright (c) 1985-2002 Sybase, Inc. All Rights Reserved.
Created on:       15/12/07 08:51:14
Executable Image: tpk.bin
creating a RAW Binary Image executable


                        +------------+
                        |   Groups   |
                        +------------+

Group                           Address              Size
=====                           =======              ====

DGROUP                          00000000             00000140



                        +--------------+
                        |   Segments   |
                        +--------------+

Segment                Class          Group          Address         Size
=======                =====          =====          =======         ====

_TEXT                  CODE           DGROUP         00000000        00000026
_DATA                  DATA           DGROUP         00000026        0000000f
STACK                  STACK          DGROUP         00000040        00000100


                        +----------------+
                        |   Memory Map   |
                        +----------------+

* = unreferenced symbol
+ = symbol only referenced locally

Address        Symbol
=======        ======

Module: tpk.obj(TPK.asm)
00000000*      print_string
00000012*      main
Error! E2063: file tpk.obj(TPK.asm): invalid relocation for flat memory model at 00000013
