JWlink Version 1.9beta 13
Portions Copyright (c) 1985-2002 Sybase, Inc. All Rights Reserved.
Created on:       15/12/09 08:30:28
Executable Image: TPK.exe
creating a DOS executable


                        +------------+
                        |   Groups   |
                        +------------+

Group                           Address              Size
=====                           =======              ====

DGROUP                          0000:0000            00000180



                        +--------------+
                        |   Segments   |
                        +--------------+

Segment                Class          Group          Address         Size
=======                =====          =====          =======         ====

_TEXT                  CODE           DGROUP         0000:0000       00000068
_DATA                  DATA           DGROUP         0006:0008       00000010
STACK                  STACK          DGROUP         0008:0000       00000100


                        +----------------+
                        |   Memory Map   |
                        +----------------+

* = unreferenced symbol
+ = symbol only referenced locally

Address        Symbol
=======        ======



                        +--------------------+
                        |   Libraries Used   |
                        +--------------------+



                        +-----------------------+
                        |   Linker Statistics   |
                        +-----------------------+

Stack size:  0100 (256.)
Memory size:  0180 (384.)
Entry point address: 0000:0051
Link time: 00:00.16
